// Jest Snapshot v1, https://goo.gl/fbAQLP

exports[`cli applies tsc-esm-fix to target dir 1`] = `
"import { foo } from './foo.mjs';
import './bar.mjs';
import * as e1def from 'e1/a/b/c/index.js';
import * as e1root from 'e1';
const { e1 } = e1def;
const { e1: e1x } = e1root;
export { e1, e1x };
export { m1 } from 'm1';
export { m1 as m1x } from 'm1/index.js';
export { e2 } from 'e2';
export { e2 as es3 } from 'e2/index';
export { e2 as es4 } from 'e2/alias';
export { e2foo } from 'e2/foo';
export { e2bar } from 'e2/bar-bundle';
export * from './foo.mjs';
export * from './baz/index.mjs';
export * from './q/u/x/index.mjs';
export const foobaz = foo + 'baz';
export { foo as foo1 } from './foo.mjs';
export { qux } from './qux.js/index.mjs';
export const dirname = /file:\\\\/\\\\/(.+)\\\\/[^/]/.exec(import.meta.url)[1];
export const filename = /file:\\\\/\\\\/(.+)/.exec(import.meta.url)[1];
console.log(foobaz);
"
`;
